<html>
<body>
<pre>
<h1>µVision Build Log</h1>
<h2>Tool Versions:</h2>
IDE-Version: ¦ÌVision V5.28.0.0
Copyright (C) 2019 ARM Ltd and ARM Germany GmbH. All rights reserved.
License Information: Zhu Yuyang, Anhui Hefei, LIC=BUURY-ID9TC-Y8HFK-ZUYA1-SP41G-VMZ7N
 
Tool Versions:
Toolchain:       MDK-ARM Plus  Version: 5.28.0.0
Toolchain Path:  C:\Keil_v5\ARM\ARMCC\Bin
C Compiler:      Armcc.exe V5.06 update 6 (build 750)
Assembler:       Armasm.exe V5.06 update 6 (build 750)
Linker/Locator:  ArmLink.exe V5.06 update 6 (build 750)
Library Manager: ArmAr.exe V5.06 update 6 (build 750)
Hex Converter:   FromElf.exe V5.06 update 6 (build 750)
CPU DLL:         SARMCM3.DLL V5.28.0.0
Dialog DLL:      DCM.DLL V1.17.3.0
Target DLL:      STLink\ST-LINKIII-KEIL_SWO.dll V3.0.6.0
Dialog DLL:      TCM.DLL V1.36.2.0
 
<h2>Project:</h2>
c:\Users\76140\Desktop\DATA\PRO\TestSTM32\BMS_CAN_READ_V1\MDK-ARM\BMS_CAN_READ_V1.uvprojx
Project File Date:  02/05/2021

<h2>Output:</h2>
*** Using Compiler 'V5.06 update 6 (build 750)', folder: 'C:\Keil_v5\ARM\ARMCC\Bin'
Rebuild target 'BMS_CAN_READ_V1'
assembling startup_stm32f103xb.s...
compiling stm32f1xx_it.c...
compiling gpio.c...
compiling stm32f1xx_hal_msp.c...
compiling main.c...
compiling can.c...
compiling usart.c...
compiling stm32f1xx_hal_gpio_ex.c...
compiling stm32f1xx_hal_can.c...
compiling stm32f1xx_hal.c...
compiling stm32f1xx_hal_rcc.c...
compiling stm32f1xx_hal_dma.c...
compiling stm32f1xx_hal_gpio.c...
compiling stm32f1xx_hal_cortex.c...
compiling stm32f1xx_hal_rcc_ex.c...
compiling stm32f1xx_hal_flash_ex.c...
compiling stm32f1xx_hal_flash.c...
compiling stm32f1xx_hal_pwr.c...
compiling stm32f1xx_hal_exti.c...
compiling stm32f1xx_hal_tim.c...
compiling stm32f1xx_hal_tim_ex.c...
compiling stm32f1xx_hal_uart.c...
compiling system_stm32f1xx.c...
linking...
Program Size: Code=5764 RO-data=292 RW-data=20 ZI-data=1196  
FromELF: creating hex file...
"BMS_CAN_READ_V1\BMS_CAN_READ_V1.axf" - 0 Error(s), 0 Warning(s).

<h2>Software Packages used:</h2>

Package Vendor: ARM
                http://www.keil.com/pack/ARM.CMSIS.5.5.1.pack
                ARM.CMSIS.5.5.1
                CMSIS (Cortex Microcontroller Software Interface Standard)
   * Component: CORE Version: 5.2.0

Package Vendor: Keil
                http://www.keil.com/pack/Keil.STM32F1xx_DFP.2.3.0.pack
                Keil.STM32F1xx_DFP.2.3.0
                STMicroelectronics STM32F1 Series Device Support, Drivers and Examples

<h2>Collection of Component include folders:</h2>
  .\RTE\_BMS_CAN_READ_V1
  C:\Users\76140\AppData\Local\Arm\Packs\ARM\CMSIS\5.5.1\CMSIS\Core\Include
  C:\Users\76140\AppData\Local\Arm\Packs\Keil\STM32F1xx_DFP\2.3.0\Device\Include

<h2>Collection of Component Files used:</h2>

   * Component: ARM::CMSIS:CORE:5.2.0
Build Time Elapsed:  00:00:09
</pre>
</body>
</html>
